2026-09-29 05:31:08,440 [INFO] - Attempting to fetch RAG file from GitHub: https://api.github.com/repos/AnsonHsieh0210/NINEAI/contents/RAG.csv
2026-09-29 05:31:08,669 [INFO] - Successfully fetched RAG file from GitHub.
2026-09-29 05:31:32,100 [WARNING] - Embedding model text-embedding-004 failed: 404 models/text-embedding-004 is not found for API version v1beta, or is not supported for embedContent. Call ModelService.ListModels to see the list of available models and their supported methods.. Trying next model.
2026-09-29 05:31:32,203 [WARNING] - Embedding model models/embedding-001 failed: 404 models/embedding-001 is not found for API version v1beta, or is not supported for embedContent. Call ModelService.ListModels to see the list of available models and their supported methods.. Trying next model.
2026-09-29 05:31:32,204 [ERROR] - All embedding models failed. Last error: 404 models/embedding-001 is not found for API version v1beta, or is not supported for embedContent. Call ModelService.ListModels to see the list of available models and their supported methods.
2026-09-29 05:31:32,305 [WARNING] - Embedding model text-embedding-004 failed: 404 models/text-embedding-004 is not found for API version v1beta, or is not supported for embedContent. Call ModelService.ListModels to see the list of available models and their supported methods.. Trying next model.
2026-09-29 05:31:32,319 [WARNING] - Embedding model text-embedding-004 failed: 404 models/text-embedding-004 is not found for API version v1beta, or is not supported for embedContent. Call ModelService.ListModels to see the list of available models and their supported methods.. Trying next model.
2026-09-29 05:31:32,320 [WARNING] - Embedding model text-embedding-004 failed: 404 models/text-embedding-004 is not found for API version v1beta, or is not supported for embedContent. Call ModelService.ListModels to see the list of available models and their supported methods.. Trying next model.
2026-09-29 05:31:32,322 [WARNING] - Embedding model text-embedding-004 failed: 404 models/text-embedding-004 is not found for API version v1beta, or is not supported for embedContent. Call ModelService.ListModels to see the list of available models and their supported methods.. Trying next model.
2026-09-29 05:31:32,327 [WARNING] - Embedding model text-embedding-004 failed: 404 models/text-embedding-004 is not found for API version v1beta, or is not supported for embedContent. Call ModelService.ListModels to see the list of available models and their supported methods.. Trying next model.
2026-09-29 05:31:32,389 [WARNING] - Embedding model models/embedding-001 failed: 404 models/embedding-001 is not found for API version v1beta, or is not supported for embedContent. Call ModelService.ListModels to see the list of available models and their supported methods.. Trying next model.
2026-09-29 05:31:32,389 [ERROR] - All embedding models failed. Last error: 404 models/embedding-001 is not found for API version v1beta, or is not supported for embedContent. Call ModelService.ListModels to see the list of available models and their supported methods.
2026-09-29 05:31:32,405 [WARNING] - Embedding model models/embedding-001 failed: 404 models/embedding-001 is not found for API version v1beta, or is not supported for embedContent. Call ModelService.ListModels to see the list of available models and their supported methods.. Trying next model.
2026-09-29 05:31:32,405 [ERROR] - All embedding models failed. Last error: 404 models/embedding-001 is not found for API version v1beta, or is not supported for embedContent. Call ModelService.ListModels to see the list of available models and their supported methods.
2026-09-29 05:31:32,418 [WARNING] - Embedding model models/embedding-001 failed: 404 models/embedding-001 is not found for API version v1beta, or is not supported for embedContent. Call ModelService.ListModels to see the list of available models and their supported methods.. Trying next model.
2026-09-29 05:31:32,418 [ERROR] - All embedding models failed. Last error: 404 models/embedding-001 is not found for API version v1beta, or is not supported for embedContent. Call ModelService.ListModels to see the list of available models and their supported methods.
2026-09-29 05:31:32,419 [WARNING] - Embedding model models/embedding-001 failed: 404 models/embedding-001 is not found for API version v1beta, or is not supported for embedContent. Call ModelService.ListModels to see the list of available models and their supported methods.. Trying next model.
2026-09-29 05:31:32,420 [ERROR] - All embedding models failed. Last error: 404 models/embedding-001 is not found for API version v1beta, or is not supported for embedContent. Call ModelService.ListModels to see the list of available models and their supported methods.
2026-09-29 05:31:32,422 [WARNING] - Embedding model models/embedding-001 failed: 404 models/embedding-001 is not found for API version v1beta, or is not supported for embedContent. Call ModelService.ListModels to see the list of available models and their supported methods.. Trying next model.
2026-09-29 05:31:32,422 [ERROR] - All embedding models failed. Last error: 404 models/embedding-001 is not found for API version v1beta, or is not supported for embedContent. Call ModelService.ListModels to see the list of available models and their supported methods.
2026-09-29 05:31:32,475 [WARNING] - Embedding model text-embedding-004 failed: 404 models/text-embedding-004 is not found for API version v1beta, or is not supported for embedContent. Call ModelService.ListModels to see the list of available models and their supported methods.. Trying next model.
2026-09-29 05:31:32,487 [WARNING] - Embedding model text-embedding-004 failed: 404 models/text-embedding-004 is not found for API version v1beta, or is not supported for embedContent. Call ModelService.ListModels to see the list of available models and their supported methods.. Trying next model.
2026-09-29 05:31:32,500 [WARNING] - Embedding model text-embedding-004 failed: 404 models/text-embedding-004 is not found for API version v1beta, or is not supported for embedContent. Call ModelService.ListModels to see the list of available models and their supported methods.. Trying next model.
2026-09-29 05:31:32,501 [WARNING] - Embedding model text-embedding-004 failed: 404 models/text-embedding-004 is not found for API version v1beta, or is not supported for embedContent. Call ModelService.ListModels to see the list of available models and their supported methods.. Trying next model.
2026-09-29 05:31:32,505 [WARNING] - Embedding model text-embedding-004 failed: 404 models/text-embedding-004 is not found for API version v1beta, or is not supported for embedContent. Call ModelService.ListModels to see the list of available models and their supported methods.. Trying next model.
2026-09-29 05:31:32,557 [WARNING] - Embedding model models/embedding-001 failed: 404 models/embedding-001 is not found for API version v1beta, or is not supported for embedContent. Call ModelService.ListModels to see the list of available models and their supported methods.. Trying next model.
2026-09-29 05:31:32,557 [ERROR] - All embedding models failed. Last error: 404 models/embedding-001 is not found for API version v1beta, or is not supported for embedContent. Call ModelService.ListModels to see the list of available models and their supported methods.
2026-09-29 05:31:32,561 [WARNING] - Embedding model models/embedding-001 failed: 404 models/embedding-001 is not found for API version v1beta, or is not supported for embedContent. Call ModelService.ListModels to see the list of available models and their supported methods.. Trying next model.
2026-09-29 05:31:32,561 [ERROR] - All embedding models failed. Last error: 404 models/embedding-001 is not found for API version v1beta, or is not supported for embedContent. Call ModelService.ListModels to see the list of available models and their supported methods.
2026-09-29 05:31:32,581 [WARNING] - Embedding model models/embedding-001 failed: 404 models/embedding-001 is not found for API version v1beta, or is not supported for embedContent. Call ModelService.ListModels to see the list of available models and their supported methods.. Trying next model.
2026-09-29 05:31:32,581 [ERROR] - All embedding models failed. Last error: 404 models/embedding-001 is not found for API version v1beta, or is not supported for embedContent. Call ModelService.ListModels to see the list of available models and their supported methods.
2026-09-29 05:31:32,583 [WARNING] - Embedding model models/embedding-001 failed: 404 models/embedding-001 is not found for API version v1beta, or is not supported for embedContent. Call ModelService.ListModels to see the list of available models and their supported methods.. Trying next model.
2026-09-29 05:31:32,583 [ERROR] - All embedding models failed. Last error: 404 models/embedding-001 is not found for API version v1beta, or is not supported for embedContent. Call ModelService.ListModels to see the list of available models and their supported methods.
2026-09-29 05:31:32,593 [WARNING] - Embedding model models/embedding-001 failed: 404 models/embedding-001 is not found for API version v1beta, or is not supported for embedContent. Call ModelService.ListModels to see the list of available models and their supported methods.. Trying next model.
2026-09-29 05:31:32,593 [ERROR] - All embedding models failed. Last error: 404 models/embedding-001 is not found for API version v1beta, or is not supported for embedContent. Call ModelService.ListModels to see the list of available models and their supported methods.
2026-09-29 05:31:32,635 [WARNING] - Embedding model text-embedding-004 failed: 404 models/text-embedding-004 is not found for API version v1beta, or is not supported for embedContent. Call ModelService.ListModels to see the list of available models and their supported methods.. Trying next model.
2026-09-29 05:31:32,656 [WARNING] - Embedding model text-embedding-004 failed: 404 models/text-embedding-004 is not found for API version v1beta, or is not supported for embedContent. Call ModelService.ListModels to see the list of available models and their supported methods.. Trying next model.
2026-09-29 05:31:32,660 [WARNING] - Embedding model text-embedding-004 failed: 404 models/text-embedding-004 is not found for API version v1beta, or is not supported for embedContent. Call ModelService.ListModels to see the list of available models and their supported methods.. Trying next model.
2026-09-29 05:31:32,667 [WARNING] - Embedding model text-embedding-004 failed: 404 models/text-embedding-004 is not found for API version v1beta, or is not supported for embedContent. Call ModelService.ListModels to see the list of available models and their supported methods.. Trying next model.
2026-09-29 05:31:32,673 [WARNING] - Embedding model text-embedding-004 failed: 404 models/text-embedding-004 is not found for API version v1beta, or is not supported for embedContent. Call ModelService.ListModels to see the list of available models and their supported methods.. Trying next model.
2026-09-29 05:31:32,719 [WARNING] - Embedding model models/embedding-001 failed: 404 models/embedding-001 is not found for API version v1beta, or is not supported for embedContent. Call ModelService.ListModels to see the list of available models and their supported methods.. Trying next model.
2026-09-29 05:31:32,719 [ERROR] - All embedding models failed. Last error: 404 models/embedding-001 is not found for API version v1beta, or is not supported for embedContent. Call ModelService.ListModels to see the list of available models and their supported methods.
2026-09-29 05:31:32,739 [WARNING] - Embedding model models/embedding-001 failed: 404 models/embedding-001 is not found for API version v1beta, or is not supported for embedContent. Call ModelService.ListModels to see the list of available models and their supported methods.. Trying next model.
2026-09-29 05:31:32,740 [ERROR] - All embedding models failed. Last error: 404 models/embedding-001 is not found for API version v1beta, or is not supported for embedContent. Call ModelService.ListModels to see the list of available models and their supported methods.
2026-09-29 05:31:32,746 [WARNING] - Embedding model models/embedding-001 failed: 404 models/embedding-001 is not found for API version v1beta, or is not supported for embedContent. Call ModelService.ListModels to see the list of available models and their supported methods.. Trying next model.
2026-09-29 05:31:32,746 [ERROR] - All embedding models failed. Last error: 404 models/embedding-001 is not found for API version v1beta, or is not supported for embedContent. Call ModelService.ListModels to see the list of available models and their supported methods.
2026-09-29 05:31:32,754 [WARNING] - Embedding model models/embedding-001 failed: 404 models/embedding-001 is not found for API version v1beta, or is not supported for embedContent. Call ModelService.ListModels to see the list of available models and their supported methods.. Trying next model.
2026-09-29 05:31:32,754 [ERROR] - All embedding models failed. Last error: 404 models/embedding-001 is not found for API version v1beta, or is not supported for embedContent. Call ModelService.ListModels to see the list of available models and their supported methods.
2026-09-29 05:31:32,758 [WARNING] - Embedding model models/embedding-001 failed: 404 models/embedding-001 is not found for API version v1beta, or is not supported for embedContent. Call ModelService.ListModels to see the list of available models and their supported methods.. Trying next model.
2026-09-29 05:31:32,758 [ERROR] - All embedding models failed. Last error: 404 models/embedding-001 is not found for API version v1beta, or is not supported for embedContent. Call ModelService.ListModels to see the list of available models and their supported methods.
2026-09-29 05:31:32,803 [WARNING] - Embedding model text-embedding-004 failed: 404 models/text-embedding-004 is not found for API version v1beta, or is not supported for embedContent. Call ModelService.ListModels to see the list of available models and their supported methods.. Trying next model.
2026-09-29 05:31:32,817 [WARNING] - Embedding model text-embedding-004 failed: 404 models/text-embedding-004 is not found for API version v1beta, or is not supported for embedContent. Call ModelService.ListModels to see the list of available models and their supported methods.. Trying next model.
2026-09-29 05:31:32,827 [WARNING] - Embedding model text-embedding-004 failed: 404 models/text-embedding-004 is not found for API version v1beta, or is not supported for embedContent. Call ModelService.ListModels to see the list of available models and their supported methods.. Trying next model.
2026-09-29 05:31:32,832 [WARNING] - Embedding model text-embedding-004 failed: 404 models/text-embedding-004 is not found for API version v1beta, or is not supported for embedContent. Call ModelService.ListModels to see the list of available models and their supported methods.. Trying next model.
2026-09-29 05:31:32,834 [WARNING] - Embedding model text-embedding-004 failed: 404 models/text-embedding-004 is not found for API version v1beta, or is not supported for embedContent. Call ModelService.ListModels to see the list of available models and their supported methods.. Trying next model.
2026-09-29 05:31:32,878 [WARNING] - Embedding model models/embedding-001 failed: 404 models/embedding-001 is not found for API version v1beta, or is not supported for embedContent. Call ModelService.ListModels to see the list of available models and their supported methods.. Trying next model.
2026-09-29 05:31:32,879 [ERROR] - All embedding models failed. Last error: 404 models/embedding-001 is not found for API version v1beta, or is not supported for embedContent. Call ModelService.ListModels to see the list of available models and their supported methods.
2026-09-29 05:31:32,896 [WARNING] - Embedding model models/embedding-001 failed: 404 models/embedding-001 is not found for API version v1beta, or is not supported for embedContent. Call ModelService.ListModels to see the list of available models and their supported methods.. Trying next model.
2026-09-29 05:31:32,896 [ERROR] - All embedding models failed. Last error: 404 models/embedding-001 is not found for API version v1beta, or is not supported for embedContent. Call ModelService.ListModels to see the list of available models and their supported methods.
2026-09-29 05:31:32,903 [WARNING] - Embedding model models/embedding-001 failed: 404 models/embedding-001 is not found for API version v1beta, or is not supported for embedContent. Call ModelService.ListModels to see the list of available models and their supported methods.. Trying next model.
2026-09-29 05:31:32,903 [ERROR] - All embedding models failed. Last error: 404 models/embedding-001 is not found for API version v1beta, or is not supported for embedContent. Call ModelService.ListModels to see the list of available models and their supported methods.
2026-09-29 05:31:32,908 [WARNING] - Embedding model models/embedding-001 failed: 404 models/embedding-001 is not found for API version v1beta, or is not supported for embedContent. Call ModelService.ListModels to see the list of available models and their supported methods.. Trying next model.
2026-09-29 05:31:32,909 [ERROR] - All embedding models failed. Last error: 404 models/embedding-001 is not found for API version v1beta, or is not supported for embedContent. Call ModelService.ListModels to see the list of available models and their supported methods.
2026-09-29 05:31:32,915 [WARNING] - Embedding model models/embedding-001 failed: 404 models/embedding-001 is not found for API version v1beta, or is not supported for embedContent. Call ModelService.ListModels to see the list of available models and their supported methods.. Trying next model.
2026-09-29 05:31:32,915 [ERROR] - All embedding models failed. Last error: 404 models/embedding-001 is not found for API version v1beta, or is not supported for embedContent. Call ModelService.ListModels to see the list of available models and their supported methods.
2026-09-29 05:31:32,960 [WARNING] - Embedding model text-embedding-004 failed: 404 models/text-embedding-004 is not found for API version v1beta, or is not supported for embedContent. Call ModelService.ListModels to see the list of available models and their supported methods.. Trying next model.
2026-09-29 05:31:32,969 [WARNING] - Embedding model text-embedding-004 failed: 404 models/text-embedding-004 is not found for API version v1beta, or is not supported for embedContent. Call ModelService.ListModels to see the list of available models and their supported methods.. Trying next model.
2026-09-29 05:31:32,977 [WARNING] - Embedding model text-embedding-004 failed: 404 models/text-embedding-004 is not found for API version v1beta, or is not supported for embedContent. Call ModelService.ListModels to see the list of available models and their supported methods.. Trying next model.
2026-09-29 05:31:32,982 [WARNING] - Embedding model text-embedding-004 failed: 404 models/text-embedding-004 is not found for API version v1beta, or is not supported for embedContent. Call ModelService.ListModels to see the list of available models and their supported methods.. Trying next model.
2026-09-29 05:31:32,996 [WARNING] - Embedding model text-embedding-004 failed: 404 models/text-embedding-004 is not found for API version v1beta, or is not supported for embedContent. Call ModelService.ListModels to see the list of available models and their supported methods.. Trying next model.
2026-09-29 05:31:33,040 [WARNING] - Embedding model models/embedding-001 failed: 404 models/embedding-001 is not found for API version v1beta, or is not supported for embedContent. Call ModelService.ListModels to see the list of available models and their supported methods.. Trying next model.
2026-09-29 05:31:33,040 [ERROR] - All embedding models failed. Last error: 404 models/embedding-001 is not found for API version v1beta, or is not supported for embedContent. Call ModelService.ListModels to see the list of available models and their supported methods.
2026-09-29 05:31:33,047 [WARNING] - Embedding model models/embedding-001 failed: 404 models/embedding-001 is not found for API version v1beta, or is not supported for embedContent. Call ModelService.ListModels to see the list of available models and their supported methods.. Trying next model.
2026-09-29 05:31:33,047 [ERROR] - All embedding models failed. Last error: 404 models/embedding-001 is not found for API version v1beta, or is not supported for embedContent. Call ModelService.ListModels to see the list of available models and their supported methods.
2026-09-29 05:31:33,050 [WARNING] - Embedding model models/embedding-001 failed: 404 models/embedding-001 is not found for API version v1beta, or is not supported for embedContent. Call ModelService.ListModels to see the list of available models and their supported methods.. Trying next model.
2026-09-29 05:31:33,051 [ERROR] - All embedding models failed. Last error: 404 models/embedding-001 is not found for API version v1beta, or is not supported for embedContent. Call ModelService.ListModels to see the list of available models and their supported methods.
2026-09-29 05:31:33,056 [WARNING] - Embedding model models/embedding-001 failed: 404 models/embedding-001 is not found for API version v1beta, or is not supported for embedContent. Call ModelService.ListModels to see the list of available models and their supported methods.. Trying next model.
2026-09-29 05:31:33,056 [ERROR] - All embedding models failed. Last error: 404 models/embedding-001 is not found for API version v1beta, or is not supported for embedContent. Call ModelService.ListModels to see the list of available models and their supported methods.
2026-09-29 05:31:33,077 [WARNING] - Embedding model models/embedding-001 failed: 404 models/embedding-001 is not found for API version v1beta, or is not supported for embedContent. Call ModelService.ListModels to see the list of available models and their supported methods.. Trying next model.
2026-09-29 05:31:33,077 [ERROR] - All embedding models failed. Last error: 404 models/embedding-001 is not found for API version v1beta, or is not supported for embedContent. Call ModelService.ListModels to see the list of available models and their supported methods.
2026-09-29 05:31:33,114 [WARNING] - Embedding model text-embedding-004 failed: 404 models/text-embedding-004 is not found for API version v1beta, or is not supported for embedContent. Call ModelService.ListModels to see the list of available models and their supported methods.. Trying next model.
2026-09-29 05:31:33,123 [WARNING] - Embedding model text-embedding-004 failed: 404 models/text-embedding-004 is not found for API version v1beta, or is not supported for embedContent. Call ModelService.ListModels to see the list of available models and their supported methods.. Trying next model.
2026-09-29 05:31:33,125 [WARNING] - Embedding model text-embedding-004 failed: 404 models/text-embedding-004 is not found for API version v1beta, or is not supported for embedContent. Call ModelService.ListModels to see the list of available models and their supported methods.. Trying next model.
2026-09-29 05:31:33,132 [WARNING] - Embedding model text-embedding-004 failed: 404 models/text-embedding-004 is not found for API version v1beta, or is not supported for embedContent. Call ModelService.ListModels to see the list of available models and their supported methods.. Trying next model.
2026-09-29 05:31:33,163 [WARNING] - Embedding model text-embedding-004 failed: 404 models/text-embedding-004 is not found for API version v1beta, or is not supported for embedContent. Call ModelService.ListModels to see the list of available models and their supported methods.. Trying next model.
2026-09-29 05:31:33,189 [WARNING] - Embedding model models/embedding-001 failed: 404 models/embedding-001 is not found for API version v1beta, or is not supported for embedContent. Call ModelService.ListModels to see the list of available models and their supported methods.. Trying next model.
2026-09-29 05:31:33,189 [ERROR] - All embedding models failed. Last error: 404 models/embedding-001 is not found for API version v1beta, or is not supported for embedContent. Call ModelService.ListModels to see the list of available models and their supported methods.
2026-09-29 05:31:33,189 [WARNING] - Embedding model models/embedding-001 failed: 404 models/embedding-001 is not found for API version v1beta, or is not supported for embedContent. Call ModelService.ListModels to see the list of available models and their supported methods.. Trying next model.
2026-09-29 05:31:33,191 [ERROR] - All embedding models failed. Last error: 404 models/embedding-001 is not found for API version v1beta, or is not supported for embedContent. Call ModelService.ListModels to see the list of available models and their supported methods.
2026-09-29 05:31:33,207 [WARNING] - Embedding model models/embedding-001 failed: 404 models/embedding-001 is not found for API version v1beta, or is not supported for embedContent. Call ModelService.ListModels to see the list of available models and their supported methods.. Trying next model.
2026-09-29 05:31:33,207 [ERROR] - All embedding models failed. Last error: 404 models/embedding-001 is not found for API version v1beta, or is not supported for embedContent. Call ModelService.ListModels to see the list of available models and their supported methods.
2026-09-29 05:31:33,211 [WARNING] - Embedding model models/embedding-001 failed: 404 models/embedding-001 is not found for API version v1beta, or is not supported for embedContent. Call ModelService.ListModels to see the list of available models and their supported methods.. Trying next model.
2026-09-29 05:31:33,212 [ERROR] - All embedding models failed. Last error: 404 models/embedding-001 is not found for API version v1beta, or is not supported for embedContent. Call ModelService.ListModels to see the list of available models and their supported methods.
2026-09-29 05:31:33,234 [WARNING] - Embedding model models/embedding-001 failed: 404 models/embedding-001 is not found for API version v1beta, or is not supported for embedContent. Call ModelService.ListModels to see the list of available models and their supported methods.. Trying next model.
2026-09-29 05:31:33,234 [ERROR] - All embedding models failed. Last error: 404 models/embedding-001 is not found for API version v1beta, or is not supported for embedContent. Call ModelService.ListModels to see the list of available models and their supported methods.
2026-09-29 05:31:33,257 [WARNING] - Embedding model text-embedding-004 failed: 404 models/text-embedding-004 is not found for API version v1beta, or is not supported for embedContent. Call ModelService.ListModels to see the list of available models and their supported methods.. Trying next model.
2026-09-29 05:31:33,292 [WARNING] - Embedding model text-embedding-004 failed: 404 models/text-embedding-004 is not found for API version v1beta, or is not supported for embedContent. Call ModelService.ListModels to see the list of available models and their supported methods.. Trying next model.
2026-09-29 05:31:33,302 [WARNING] - Embedding model text-embedding-004 failed: 404 models/text-embedding-004 is not found for API version v1beta, or is not supported for embedContent. Call ModelService.ListModels to see the list of available models and their supported methods.. Trying next model.
2026-09-29 05:31:33,305 [WARNING] - Embedding model text-embedding-004 failed: 404 models/text-embedding-004 is not found for API version v1beta, or is not supported for embedContent. Call ModelService.ListModels to see the list of available models and their supported methods.. Trying next model.
2026-09-29 05:31:33,340 [WARNING] - Embedding model models/embedding-001 failed: 404 models/embedding-001 is not found for API version v1beta, or is not supported for embedContent. Call ModelService.ListModels to see the list of available models and their supported methods.. Trying next model.
2026-09-29 05:31:33,341 [ERROR] - All embedding models failed. Last error: 404 models/embedding-001 is not found for API version v1beta, or is not supported for embedContent. Call ModelService.ListModels to see the list of available models and their supported methods.
2026-09-29 05:31:33,367 [WARNING] - Embedding model models/embedding-001 failed: 404 models/embedding-001 is not found for API version v1beta, or is not supported for embedContent. Call ModelService.ListModels to see the list of available models and their supported methods.. Trying next model.
2026-09-29 05:31:33,367 [ERROR] - All embedding models failed. Last error: 404 models/embedding-001 is not found for API version v1beta, or is not supported for embedContent. Call ModelService.ListModels to see the list of available models and their supported methods.
2026-09-29 05:31:33,383 [WARNING] - Embedding model models/embedding-001 failed: 404 models/embedding-001 is not found for API version v1beta, or is not supported for embedContent. Call ModelService.ListModels to see the list of available models and their supported methods.. Trying next model.
2026-09-29 05:31:33,383 [ERROR] - All embedding models failed. Last error: 404 models/embedding-001 is not found for API version v1beta, or is not supported for embedContent. Call ModelService.ListModels to see the list of available models and their supported methods.
2026-09-29 05:31:33,393 [WARNING] - Embedding model models/embedding-001 failed: 404 models/embedding-001 is not found for API version v1beta, or is not supported for embedContent. Call ModelService.ListModels to see the list of available models and their supported methods.. Trying next model.
2026-09-29 05:31:33,393 [ERROR] - All embedding models failed. Last error: 404 models/embedding-001 is not found for API version v1beta, or is not supported for embedContent. Call ModelService.ListModels to see the list of available models and their supported methods.
2026-09-29 05:31:33,414 [WARNING] - Embedding model text-embedding-004 failed: 404 models/text-embedding-004 is not found for API version v1beta, or is not supported for embedContent. Call ModelService.ListModels to see the list of available models and their supported methods.. Trying next model.
2026-09-29 05:31:33,444 [WARNING] - Embedding model text-embedding-004 failed: 404 models/text-embedding-004 is not found for API version v1beta, or is not supported for embedContent. Call ModelService.ListModels to see the list of available models and their supported methods.. Trying next model.
2026-09-29 05:31:33,453 [WARNING] - Embedding model text-embedding-004 failed: 404 models/text-embedding-004 is not found for API version v1beta, or is not supported for embedContent. Call ModelService.ListModels to see the list of available models and their supported methods.. Trying next model.
2026-09-29 05:31:33,460 [WARNING] - Embedding model text-embedding-004 failed: 404 models/text-embedding-004 is not found for API version v1beta, or is not supported for embedContent. Call ModelService.ListModels to see the list of available models and their supported methods.. Trying next model.
2026-09-29 05:31:33,486 [WARNING] - Embedding model models/embedding-001 failed: 404 models/embedding-001 is not found for API version v1beta, or is not supported for embedContent. Call ModelService.ListModels to see the list of available models and their supported methods.. Trying next model.
2026-09-29 05:31:33,486 [ERROR] - All embedding models failed. Last error: 404 models/embedding-001 is not found for API version v1beta, or is not supported for embedContent. Call ModelService.ListModels to see the list of available models and their supported methods.
2026-09-29 05:31:33,517 [WARNING] - Embedding model models/embedding-001 failed: 404 models/embedding-001 is not found for API version v1beta, or is not supported for embedContent. Call ModelService.ListModels to see the list of available models and their supported methods.. Trying next model.
2026-09-29 05:31:33,517 [ERROR] - All embedding models failed. Last error: 404 models/embedding-001 is not found for API version v1beta, or is not supported for embedContent. Call ModelService.ListModels to see the list of available models and their supported methods.
2026-09-29 05:31:33,539 [WARNING] - Embedding model models/embedding-001 failed: 404 models/embedding-001 is not found for API version v1beta, or is not supported for embedContent. Call ModelService.ListModels to see the list of available models and their supported methods.. Trying next model.
2026-09-29 05:31:33,539 [ERROR] - All embedding models failed. Last error: 404 models/embedding-001 is not found for API version v1beta, or is not supported for embedContent. Call ModelService.ListModels to see the list of available models and their supported methods.
2026-09-29 05:31:33,623 [WARNING] - Embedding model models/embedding-001 failed: 404 models/embedding-001 is not found for API version v1beta, or is not supported for embedContent. Call ModelService.ListModels to see the list of available models and their supported methods.. Trying next model.
2026-09-29 05:31:33,623 [ERROR] - All embedding models failed. Last error: 404 models/embedding-001 is not found for API version v1beta, or is not supported for embedContent. Call ModelService.ListModels to see the list of available models and their supported methods.
2026-09-29 05:31:33,662 [WARNING] - Embedding model text-embedding-004 failed: 404 models/text-embedding-004 is not found for API version v1beta, or is not supported for embedContent. Call ModelService.ListModels to see the list of available models and their supported methods.. Trying next model.
2026-09-29 05:31:34,004 [WARNING] - Embedding model models/embedding-001 failed: 404 models/embedding-001 is not found for API version v1beta, or is not supported for embedContent. Call ModelService.ListModels to see the list of available models and their supported methods.. Trying next model.
2026-09-29 05:31:34,004 [ERROR] - All embedding models failed. Last error: 404 models/embedding-001 is not found for API version v1beta, or is not supported for embedContent. Call ModelService.ListModels to see the list of available models and their supported methods.
2026-09-29 05:31:49,085 [INFO] - Successfully analyzed item '介入目的'.
2026-09-29 05:31:49,161 [WARNING] - Embedding model text-embedding-004 failed: 404 models/text-embedding-004 is not found for API version v1beta, or is not supported for embedContent. Call ModelService.ListModels to see the list of available models and their supported methods.. Trying next model.
2026-09-29 05:31:49,232 [WARNING] - Embedding model models/embedding-001 failed: 404 models/embedding-001 is not found for API version v1beta, or is not supported for embedContent. Call ModelService.ListModels to see the list of available models and their supported methods.. Trying next model.
2026-09-29 05:31:49,232 [ERROR] - All embedding models failed. Last error: 404 models/embedding-001 is not found for API version v1beta, or is not supported for embedContent. Call ModelService.ListModels to see the list of available models and their supported methods.
2026-09-29 05:31:49,292 [WARNING] - Embedding model text-embedding-004 failed: 404 models/text-embedding-004 is not found for API version v1beta, or is not supported for embedContent. Call ModelService.ListModels to see the list of available models and their supported methods.. Trying next model.
2026-09-29 05:31:49,362 [WARNING] - Embedding model models/embedding-001 failed: 404 models/embedding-001 is not found for API version v1beta, or is not supported for embedContent. Call ModelService.ListModels to see the list of available models and their supported methods.. Trying next model.
2026-09-29 05:31:49,363 [ERROR] - All embedding models failed. Last error: 404 models/embedding-001 is not found for API version v1beta, or is not supported for embedContent. Call ModelService.ListModels to see the list of available models and their supported methods.
2026-09-29 05:31:49,435 [WARNING] - Embedding model text-embedding-004 failed: 404 models/text-embedding-004 is not found for API version v1beta, or is not supported for embedContent. Call ModelService.ListModels to see the list of available models and their supported methods.. Trying next model.
2026-09-29 05:31:49,561 [WARNING] - Embedding model models/embedding-001 failed: 404 models/embedding-001 is not found for API version v1beta, or is not supported for embedContent. Call ModelService.ListModels to see the list of available models and their supported methods.. Trying next model.
2026-09-29 05:31:49,561 [ERROR] - All embedding models failed. Last error: 404 models/embedding-001 is not found for API version v1beta, or is not supported for embedContent. Call ModelService.ListModels to see the list of available models and their supported methods.
2026-09-29 05:31:49,634 [WARNING] - Embedding model text-embedding-004 failed: 404 models/text-embedding-004 is not found for API version v1beta, or is not supported for embedContent. Call ModelService.ListModels to see the list of available models and their supported methods.. Trying next model.
2026-09-29 05:31:49,693 [WARNING] - Embedding model models/embedding-001 failed: 404 models/embedding-001 is not found for API version v1beta, or is not supported for embedContent. Call ModelService.ListModels to see the list of available models and their supported methods.. Trying next model.
2026-09-29 05:31:49,693 [ERROR] - All embedding models failed. Last error: 404 models/embedding-001 is not found for API version v1beta, or is not supported for embedContent. Call ModelService.ListModels to see the list of available models and their supported methods.
2026-09-29 05:31:49,764 [WARNING] - Embedding model text-embedding-004 failed: 404 models/text-embedding-004 is not found for API version v1beta, or is not supported for embedContent. Call ModelService.ListModels to see the list of available models and their supported methods.. Trying next model.
2026-09-29 05:31:49,824 [WARNING] - Embedding model models/embedding-001 failed: 404 models/embedding-001 is not found for API version v1beta, or is not supported for embedContent. Call ModelService.ListModels to see the list of available models and their supported methods.. Trying next model.
2026-09-29 05:31:49,825 [ERROR] - All embedding models failed. Last error: 404 models/embedding-001 is not found for API version v1beta, or is not supported for embedContent. Call ModelService.ListModels to see the list of available models and their supported methods.
2026-09-29 05:31:49,947 [WARNING] - Embedding model text-embedding-004 failed: 404 models/text-embedding-004 is not found for API version v1beta, or is not supported for embedContent. Call ModelService.ListModels to see the list of available models and their supported methods.. Trying next model.
2026-09-29 05:31:50,013 [WARNING] - Embedding model models/embedding-001 failed: 404 models/embedding-001 is not found for API version v1beta, or is not supported for embedContent. Call ModelService.ListModels to see the list of available models and their supported methods.. Trying next model.
2026-09-29 05:31:50,014 [ERROR] - All embedding models failed. Last error: 404 models/embedding-001 is not found for API version v1beta, or is not supported for embedContent. Call ModelService.ListModels to see the list of available models and their supported methods.
2026-09-29 05:31:50,141 [WARNING] - Embedding model text-embedding-004 failed: 404 models/text-embedding-004 is not found for API version v1beta, or is not supported for embedContent. Call ModelService.ListModels to see the list of available models and their supported methods.. Trying next model.
2026-09-29 05:31:50,212 [WARNING] - Embedding model models/embedding-001 failed: 404 models/embedding-001 is not found for API version v1beta, or is not supported for embedContent. Call ModelService.ListModels to see the list of available models and their supported methods.. Trying next model.
2026-09-29 05:31:50,212 [ERROR] - All embedding models failed. Last error: 404 models/embedding-001 is not found for API version v1beta, or is not supported for embedContent. Call ModelService.ListModels to see the list of available models and their supported methods.
2026-09-29 05:31:50,319 [WARNING] - Embedding model text-embedding-004 failed: 404 models/text-embedding-004 is not found for API version v1beta, or is not supported for embedContent. Call ModelService.ListModels to see the list of available models and their supported methods.. Trying next model.
2026-09-29 05:31:50,399 [WARNING] - Embedding model models/embedding-001 failed: 404 models/embedding-001 is not found for API version v1beta, or is not supported for embedContent. Call ModelService.ListModels to see the list of available models and their supported methods.. Trying next model.
2026-09-29 05:31:50,400 [ERROR] - All embedding models failed. Last error: 404 models/embedding-001 is not found for API version v1beta, or is not supported for embedContent. Call ModelService.ListModels to see the list of available models and their supported methods.
2026-09-29 05:31:50,492 [WARNING] - Embedding model text-embedding-004 failed: 404 models/text-embedding-004 is not found for API version v1beta, or is not supported for embedContent. Call ModelService.ListModels to see the list of available models and their supported methods.. Trying next model.
2026-09-29 05:31:50,579 [WARNING] - Embedding model models/embedding-001 failed: 404 models/embedding-001 is not found for API version v1beta, or is not supported for embedContent. Call ModelService.ListModels to see the list of available models and their supported methods.. Trying next model.
2026-09-29 05:31:50,579 [ERROR] - All embedding models failed. Last error: 404 models/embedding-001 is not found for API version v1beta, or is not supported for embedContent. Call ModelService.ListModels to see the list of available models and their supported methods.
2026-09-29 05:31:51,327 [INFO] - Successfully analyzed item '警告與範圍外使用'.
2026-09-29 05:31:51,391 [WARNING] - Embedding model text-embedding-004 failed: 404 models/text-embedding-004 is not found for API version v1beta, or is not supported for embedContent. Call ModelService.ListModels to see the list of available models and their supported methods.. Trying next model.
2026-09-29 05:31:51,504 [WARNING] - Embedding model models/embedding-001 failed: 404 models/embedding-001 is not found for API version v1beta, or is not supported for embedContent. Call ModelService.ListModels to see the list of available models and their supported methods.. Trying next model.
2026-09-29 05:31:51,504 [ERROR] - All embedding models failed. Last error: 404 models/embedding-001 is not found for API version v1beta, or is not supported for embedContent. Call ModelService.ListModels to see the list of available models and their supported methods.
2026-09-29 05:31:51,562 [WARNING] - Embedding model text-embedding-004 failed: 404 models/text-embedding-004 is not found for API version v1beta, or is not supported for embedContent. Call ModelService.ListModels to see the list of available models and their supported methods.. Trying next model.
2026-09-29 05:31:51,675 [WARNING] - Embedding model models/embedding-001 failed: 404 models/embedding-001 is not found for API version v1beta, or is not supported for embedContent. Call ModelService.ListModels to see the list of available models and their supported methods.. Trying next model.
2026-09-29 05:31:51,675 [ERROR] - All embedding models failed. Last error: 404 models/embedding-001 is not found for API version v1beta, or is not supported for embedContent. Call ModelService.ListModels to see the list of available models and their supported methods.
2026-09-29 05:31:51,726 [WARNING] - Embedding model text-embedding-004 failed: 404 models/text-embedding-004 is not found for API version v1beta, or is not supported for embedContent. Call ModelService.ListModels to see the list of available models and their supported methods.. Trying next model.
2026-09-29 05:31:51,855 [WARNING] - Embedding model models/embedding-001 failed: 404 models/embedding-001 is not found for API version v1beta, or is not supported for embedContent. Call ModelService.ListModels to see the list of available models and their supported methods.. Trying next model.
2026-09-29 05:31:51,856 [ERROR] - All embedding models failed. Last error: 404 models/embedding-001 is not found for API version v1beta, or is not supported for embedContent. Call ModelService.ListModels to see the list of available models and their supported methods.
2026-09-29 05:31:51,921 [WARNING] - Embedding model text-embedding-004 failed: 404 models/text-embedding-004 is not found for API version v1beta, or is not supported for embedContent. Call ModelService.ListModels to see the list of available models and their supported methods.. Trying next model.
2026-09-29 05:31:52,034 [WARNING] - Embedding model models/embedding-001 failed: 404 models/embedding-001 is not found for API version v1beta, or is not supported for embedContent. Call ModelService.ListModels to see the list of available models and their supported methods.. Trying next model.
2026-09-29 05:31:52,034 [ERROR] - All embedding models failed. Last error: 404 models/embedding-001 is not found for API version v1beta, or is not supported for embedContent. Call ModelService.ListModels to see the list of available models and their supported methods.
2026-09-29 05:31:52,108 [WARNING] - Embedding model text-embedding-004 failed: 404 models/text-embedding-004 is not found for API version v1beta, or is not supported for embedContent. Call ModelService.ListModels to see the list of available models and their supported methods.. Trying next model.
2026-09-29 05:31:52,215 [WARNING] - Embedding model models/embedding-001 failed: 404 models/embedding-001 is not found for API version v1beta, or is not supported for embedContent. Call ModelService.ListModels to see the list of available models and their supported methods.. Trying next model.
2026-09-29 05:31:52,215 [ERROR] - All embedding models failed. Last error: 404 models/embedding-001 is not found for API version v1beta, or is not supported for embedContent. Call ModelService.ListModels to see the list of available models and their supported methods.
2026-09-29 05:31:52,281 [WARNING] - Embedding model text-embedding-004 failed: 404 models/text-embedding-004 is not found for API version v1beta, or is not supported for embedContent. Call ModelService.ListModels to see the list of available models and their supported methods.. Trying next model.
2026-09-29 05:31:52,395 [WARNING] - Embedding model models/embedding-001 failed: 404 models/embedding-001 is not found for API version v1beta, or is not supported for embedContent. Call ModelService.ListModels to see the list of available models and their supported methods.. Trying next model.
2026-09-29 05:31:52,395 [ERROR] - All embedding models failed. Last error: 404 models/embedding-001 is not found for API version v1beta, or is not supported for embedContent. Call ModelService.ListModels to see the list of available models and their supported methods.
2026-09-29 05:31:52,453 [WARNING] - Embedding model text-embedding-004 failed: 404 models/text-embedding-004 is not found for API version v1beta, or is not supported for embedContent. Call ModelService.ListModels to see the list of available models and their supported methods.. Trying next model.
2026-09-29 05:31:52,580 [WARNING] - Embedding model models/embedding-001 failed: 404 models/embedding-001 is not found for API version v1beta, or is not supported for embedContent. Call ModelService.ListModels to see the list of available models and their supported methods.. Trying next model.
2026-09-29 05:31:52,580 [ERROR] - All embedding models failed. Last error: 404 models/embedding-001 is not found for API version v1beta, or is not supported for embedContent. Call ModelService.ListModels to see the list of available models and their supported methods.
2026-09-29 05:31:52,638 [WARNING] - Embedding model text-embedding-004 failed: 404 models/text-embedding-004 is not found for API version v1beta, or is not supported for embedContent. Call ModelService.ListModels to see the list of available models and their supported methods.. Trying next model.
2026-09-29 05:31:52,713 [WARNING] - Embedding model models/embedding-001 failed: 404 models/embedding-001 is not found for API version v1beta, or is not supported for embedContent. Call ModelService.ListModels to see the list of available models and their supported methods.. Trying next model.
2026-09-29 05:31:52,713 [ERROR] - All embedding models failed. Last error: 404 models/embedding-001 is not found for API version v1beta, or is not supported for embedContent. Call ModelService.ListModels to see the list of available models and their supported methods.
2026-09-29 05:31:52,812 [WARNING] - Embedding model text-embedding-004 failed: 404 models/text-embedding-004 is not found for API version v1beta, or is not supported for embedContent. Call ModelService.ListModels to see the list of available models and their supported methods.. Trying next model.
2026-09-29 05:31:52,883 [WARNING] - Embedding model models/embedding-001 failed: 404 models/embedding-001 is not found for API version v1beta, or is not supported for embedContent. Call ModelService.ListModels to see the list of available models and their supported methods.. Trying next model.
2026-09-29 05:31:52,883 [ERROR] - All embedding models failed. Last error: 404 models/embedding-001 is not found for API version v1beta, or is not supported for embedContent. Call ModelService.ListModels to see the list of available models and their supported methods.
2026-09-29 05:31:52,994 [WARNING] - Embedding model text-embedding-004 failed: 404 models/text-embedding-004 is not found for API version v1beta, or is not supported for embedContent. Call ModelService.ListModels to see the list of available models and their supported methods.. Trying next model.
2026-09-29 05:31:53,055 [WARNING] - Embedding model models/embedding-001 failed: 404 models/embedding-001 is not found for API version v1beta, or is not supported for embedContent. Call ModelService.ListModels to see the list of available models and their supported methods.. Trying next model.
2026-09-29 05:31:53,055 [ERROR] - All embedding models failed. Last error: 404 models/embedding-001 is not found for API version v1beta, or is not supported for embedContent. Call ModelService.ListModels to see the list of available models and their supported methods.
2026-09-29 05:31:56,370 [INFO] - Successfully analyzed item '開發詳情及輸入特徵'.
2026-09-29 05:31:56,431 [WARNING] - Embedding model text-embedding-004 failed: 404 models/text-embedding-004 is not found for API version v1beta, or is not supported for embedContent. Call ModelService.ListModels to see the list of available models and their supported methods.. Trying next model.
2026-09-29 05:31:56,544 [WARNING] - Embedding model models/embedding-001 failed: 404 models/embedding-001 is not found for API version v1beta, or is not supported for embedContent. Call ModelService.ListModels to see the list of available models and their supported methods.. Trying next model.
2026-09-29 05:31:56,545 [ERROR] - All embedding models failed. Last error: 404 models/embedding-001 is not found for API version v1beta, or is not supported for embedContent. Call ModelService.ListModels to see the list of available models and their supported methods.
2026-09-29 05:31:56,607 [WARNING] - Embedding model text-embedding-004 failed: 404 models/text-embedding-004 is not found for API version v1beta, or is not supported for embedContent. Call ModelService.ListModels to see the list of available models and their supported methods.. Trying next model.
2026-09-29 05:31:56,775 [WARNING] - Embedding model models/embedding-001 failed: 404 models/embedding-001 is not found for API version v1beta, or is not supported for embedContent. Call ModelService.ListModels to see the list of available models and their supported methods.. Trying next model.
2026-09-29 05:31:56,775 [ERROR] - All embedding models failed. Last error: 404 models/embedding-001 is not found for API version v1beta, or is not supported for embedContent. Call ModelService.ListModels to see the list of available models and their supported methods.
2026-09-29 05:31:56,836 [WARNING] - Embedding model text-embedding-004 failed: 404 models/text-embedding-004 is not found for API version v1beta, or is not supported for embedContent. Call ModelService.ListModels to see the list of available models and their supported methods.. Trying next model.
2026-09-29 05:31:56,954 [WARNING] - Embedding model models/embedding-001 failed: 404 models/embedding-001 is not found for API version v1beta, or is not supported for embedContent. Call ModelService.ListModels to see the list of available models and their supported methods.. Trying next model.
2026-09-29 05:31:56,954 [ERROR] - All embedding models failed. Last error: 404 models/embedding-001 is not found for API version v1beta, or is not supported for embedContent. Call ModelService.ListModels to see the list of available models and their supported methods.
2026-09-29 05:31:57,004 [WARNING] - Embedding model text-embedding-004 failed: 404 models/text-embedding-004 is not found for API version v1beta, or is not supported for embedContent. Call ModelService.ListModels to see the list of available models and their supported methods.. Trying next model.
2026-09-29 05:31:57,132 [WARNING] - Embedding model models/embedding-001 failed: 404 models/embedding-001 is not found for API version v1beta, or is not supported for embedContent. Call ModelService.ListModels to see the list of available models and their supported methods.. Trying next model.
2026-09-29 05:31:57,132 [ERROR] - All embedding models failed. Last error: 404 models/embedding-001 is not found for API version v1beta, or is not supported for embedContent. Call ModelService.ListModels to see the list of available models and their supported methods.
2026-09-29 05:31:57,188 [WARNING] - Embedding model text-embedding-004 failed: 404 models/text-embedding-004 is not found for API version v1beta, or is not supported for embedContent. Call ModelService.ListModels to see the list of available models and their supported methods.. Trying next model.
2026-09-29 05:31:57,301 [WARNING] - Embedding model models/embedding-001 failed: 404 models/embedding-001 is not found for API version v1beta, or is not supported for embedContent. Call ModelService.ListModels to see the list of available models and their supported methods.. Trying next model.
2026-09-29 05:31:57,301 [ERROR] - All embedding models failed. Last error: 404 models/embedding-001 is not found for API version v1beta, or is not supported for embedContent. Call ModelService.ListModels to see the list of available models and their supported methods.
2026-09-29 05:31:57,354 [WARNING] - Embedding model text-embedding-004 failed: 404 models/text-embedding-004 is not found for API version v1beta, or is not supported for embedContent. Call ModelService.ListModels to see the list of available models and their supported methods.. Trying next model.
2026-09-29 05:31:57,473 [WARNING] - Embedding model models/embedding-001 failed: 404 models/embedding-001 is not found for API version v1beta, or is not supported for embedContent. Call ModelService.ListModels to see the list of available models and their supported methods.. Trying next model.
2026-09-29 05:31:57,473 [ERROR] - All embedding models failed. Last error: 404 models/embedding-001 is not found for API version v1beta, or is not supported for embedContent. Call ModelService.ListModels to see the list of available models and their supported methods.
2026-09-29 05:31:57,528 [WARNING] - Embedding model text-embedding-004 failed: 404 models/text-embedding-004 is not found for API version v1beta, or is not supported for embedContent. Call ModelService.ListModels to see the list of available models and their supported methods.. Trying next model.
2026-09-29 05:31:57,642 [WARNING] - Embedding model models/embedding-001 failed: 404 models/embedding-001 is not found for API version v1beta, or is not supported for embedContent. Call ModelService.ListModels to see the list of available models and their supported methods.. Trying next model.
2026-09-29 05:31:57,642 [ERROR] - All embedding models failed. Last error: 404 models/embedding-001 is not found for API version v1beta, or is not supported for embedContent. Call ModelService.ListModels to see the list of available models and their supported methods.
2026-09-29 05:31:57,706 [WARNING] - Embedding model text-embedding-004 failed: 404 models/text-embedding-004 is not found for API version v1beta, or is not supported for embedContent. Call ModelService.ListModels to see the list of available models and their supported methods.. Trying next model.
2026-09-29 05:31:57,806 [WARNING] - Embedding model models/embedding-001 failed: 404 models/embedding-001 is not found for API version v1beta, or is not supported for embedContent. Call ModelService.ListModels to see the list of available models and their supported methods.. Trying next model.
2026-09-29 05:31:57,806 [ERROR] - All embedding models failed. Last error: 404 models/embedding-001 is not found for API version v1beta, or is not supported for embedContent. Call ModelService.ListModels to see the list of available models and their supported methods.
2026-09-29 05:31:57,876 [WARNING] - Embedding model text-embedding-004 failed: 404 models/text-embedding-004 is not found for API version v1beta, or is not supported for embedContent. Call ModelService.ListModels to see the list of available models and their supported methods.. Trying next model.
2026-09-29 05:31:57,981 [WARNING] - Embedding model models/embedding-001 failed: 404 models/embedding-001 is not found for API version v1beta, or is not supported for embedContent. Call ModelService.ListModels to see the list of available models and their supported methods.. Trying next model.
2026-09-29 05:31:57,981 [ERROR] - All embedding models failed. Last error: 404 models/embedding-001 is not found for API version v1beta, or is not supported for embedContent. Call ModelService.ListModels to see the list of available models and their supported methods.
2026-09-29 05:31:58,459 [INFO] - Successfully analyzed item '介入詳情及輸出'.
2026-09-29 05:31:58,525 [WARNING] - Embedding model text-embedding-004 failed: 404 models/text-embedding-004 is not found for API version v1beta, or is not supported for embedContent. Call ModelService.ListModels to see the list of available models and their supported methods.. Trying next model.
2026-09-29 05:31:58,632 [WARNING] - Embedding model models/embedding-001 failed: 404 models/embedding-001 is not found for API version v1beta, or is not supported for embedContent. Call ModelService.ListModels to see the list of available models and their supported methods.. Trying next model.
2026-09-29 05:31:58,632 [ERROR] - All embedding models failed. Last error: 404 models/embedding-001 is not found for API version v1beta, or is not supported for embedContent. Call ModelService.ListModels to see the list of available models and their supported methods.
2026-09-29 05:31:58,699 [WARNING] - Embedding model text-embedding-004 failed: 404 models/text-embedding-004 is not found for API version v1beta, or is not supported for embedContent. Call ModelService.ListModels to see the list of available models and their supported methods.. Trying next model.
2026-09-29 05:31:58,809 [WARNING] - Embedding model models/embedding-001 failed: 404 models/embedding-001 is not found for API version v1beta, or is not supported for embedContent. Call ModelService.ListModels to see the list of available models and their supported methods.. Trying next model.
2026-09-29 05:31:58,809 [ERROR] - All embedding models failed. Last error: 404 models/embedding-001 is not found for API version v1beta, or is not supported for embedContent. Call ModelService.ListModels to see the list of available models and their supported methods.
2026-09-29 05:31:58,867 [WARNING] - Embedding model text-embedding-004 failed: 404 models/text-embedding-004 is not found for API version v1beta, or is not supported for embedContent. Call ModelService.ListModels to see the list of available models and their supported methods.. Trying next model.
2026-09-29 05:31:58,977 [WARNING] - Embedding model models/embedding-001 failed: 404 models/embedding-001 is not found for API version v1beta, or is not supported for embedContent. Call ModelService.ListModels to see the list of available models and their supported methods.. Trying next model.
2026-09-29 05:31:58,977 [ERROR] - All embedding models failed. Last error: 404 models/embedding-001 is not found for API version v1beta, or is not supported for embedContent. Call ModelService.ListModels to see the list of available models and their supported methods.
2026-09-29 05:31:59,041 [WARNING] - Embedding model text-embedding-004 failed: 404 models/text-embedding-004 is not found for API version v1beta, or is not supported for embedContent. Call ModelService.ListModels to see the list of available models and their supported methods.. Trying next model.
2026-09-29 05:31:59,156 [WARNING] - Embedding model models/embedding-001 failed: 404 models/embedding-001 is not found for API version v1beta, or is not supported for embedContent. Call ModelService.ListModels to see the list of available models and their supported methods.. Trying next model.
2026-09-29 05:31:59,156 [ERROR] - All embedding models failed. Last error: 404 models/embedding-001 is not found for API version v1beta, or is not supported for embedContent. Call ModelService.ListModels to see the list of available models and their supported methods.
2026-09-29 05:31:59,207 [WARNING] - Embedding model text-embedding-004 failed: 404 models/text-embedding-004 is not found for API version v1beta, or is not supported for embedContent. Call ModelService.ListModels to see the list of available models and their supported methods.. Trying next model.
2026-09-29 05:31:59,325 [WARNING] - Embedding model models/embedding-001 failed: 404 models/embedding-001 is not found for API version v1beta, or is not supported for embedContent. Call ModelService.ListModels to see the list of available models and their supported methods.. Trying next model.
2026-09-29 05:31:59,326 [ERROR] - All embedding models failed. Last error: 404 models/embedding-001 is not found for API version v1beta, or is not supported for embedContent. Call ModelService.ListModels to see the list of available models and their supported methods.
2026-09-29 05:31:59,386 [WARNING] - Embedding model text-embedding-004 failed: 404 models/text-embedding-004 is not found for API version v1beta, or is not supported for embedContent. Call ModelService.ListModels to see the list of available models and their supported methods.. Trying next model.
2026-09-29 05:31:59,496 [WARNING] - Embedding model models/embedding-001 failed: 404 models/embedding-001 is not found for API version v1beta, or is not supported for embedContent. Call ModelService.ListModels to see the list of available models and their supported methods.. Trying next model.
2026-09-29 05:31:59,496 [ERROR] - All embedding models failed. Last error: 404 models/embedding-001 is not found for API version v1beta, or is not supported for embedContent. Call ModelService.ListModels to see the list of available models and their supported methods.
2026-09-29 05:31:59,558 [WARNING] - Embedding model text-embedding-004 failed: 404 models/text-embedding-004 is not found for API version v1beta, or is not supported for embedContent. Call ModelService.ListModels to see the list of available models and their supported methods.. Trying next model.
2026-09-29 05:31:59,663 [WARNING] - Embedding model models/embedding-001 failed: 404 models/embedding-001 is not found for API version v1beta, or is not supported for embedContent. Call ModelService.ListModels to see the list of available models and their supported methods.. Trying next model.
2026-09-29 05:31:59,663 [ERROR] - All embedding models failed. Last error: 404 models/embedding-001 is not found for API version v1beta, or is not supported for embedContent. Call ModelService.ListModels to see the list of available models and their supported methods.
2026-09-29 05:31:59,727 [WARNING] - Embedding model text-embedding-004 failed: 404 models/text-embedding-004 is not found for API version v1beta, or is not supported for embedContent. Call ModelService.ListModels to see the list of available models and their supported methods.. Trying next model.
2026-09-29 05:31:59,841 [WARNING] - Embedding model models/embedding-001 failed: 404 models/embedding-001 is not found for API version v1beta, or is not supported for embedContent. Call ModelService.ListModels to see the list of available models and their supported methods.. Trying next model.
2026-09-29 05:31:59,841 [ERROR] - All embedding models failed. Last error: 404 models/embedding-001 is not found for API version v1beta, or is not supported for embedContent. Call ModelService.ListModels to see the list of available models and their supported methods.
2026-09-29 05:31:59,896 [WARNING] - Embedding model text-embedding-004 failed: 404 models/text-embedding-004 is not found for API version v1beta, or is not supported for embedContent. Call ModelService.ListModels to see the list of available models and their supported methods.. Trying next model.
2026-09-29 05:32:00,015 [WARNING] - Embedding model models/embedding-001 failed: 404 models/embedding-001 is not found for API version v1beta, or is not supported for embedContent. Call ModelService.ListModels to see the list of available models and their supported methods.. Trying next model.
2026-09-29 05:32:00,015 [ERROR] - All embedding models failed. Last error: 404 models/embedding-001 is not found for API version v1beta, or is not supported for embedContent. Call ModelService.ListModels to see the list of available models and their supported methods.
2026-09-29 05:32:00,073 [WARNING] - Embedding model text-embedding-004 failed: 404 models/text-embedding-004 is not found for API version v1beta, or is not supported for embedContent. Call ModelService.ListModels to see the list of available models and their supported methods.. Trying next model.
2026-09-29 05:32:00,199 [WARNING] - Embedding model models/embedding-001 failed: 404 models/embedding-001 is not found for API version v1beta, or is not supported for embedContent. Call ModelService.ListModels to see the list of available models and their supported methods.. Trying next model.
2026-09-29 05:32:00,199 [ERROR] - All embedding models failed. Last error: 404 models/embedding-001 is not found for API version v1beta, or is not supported for embedContent. Call ModelService.ListModels to see the list of available models and their supported methods.
2026-09-29 05:32:00,261 [WARNING] - Embedding model text-embedding-004 failed: 404 models/text-embedding-004 is not found for API version v1beta, or is not supported for embedContent. Call ModelService.ListModels to see the list of available models and their supported methods.. Trying next model.
2026-09-29 05:32:00,384 [WARNING] - Embedding model models/embedding-001 failed: 404 models/embedding-001 is not found for API version v1beta, or is not supported for embedContent. Call ModelService.ListModels to see the list of available models and their supported methods.. Trying next model.
2026-09-29 05:32:00,384 [ERROR] - All embedding models failed. Last error: 404 models/embedding-001 is not found for API version v1beta, or is not supported for embedContent. Call ModelService.ListModels to see the list of available models and their supported methods.
2026-09-29 05:32:00,436 [WARNING] - Embedding model text-embedding-004 failed: 404 models/text-embedding-004 is not found for API version v1beta, or is not supported for embedContent. Call ModelService.ListModels to see the list of available models and their supported methods.. Trying next model.
2026-09-29 05:32:00,560 [WARNING] - Embedding model models/embedding-001 failed: 404 models/embedding-001 is not found for API version v1beta, or is not supported for embedContent. Call ModelService.ListModels to see the list of available models and their supported methods.. Trying next model.
2026-09-29 05:32:00,560 [ERROR] - All embedding models failed. Last error: 404 models/embedding-001 is not found for API version v1beta, or is not supported for embedContent. Call ModelService.ListModels to see the list of available models and their supported methods.
2026-09-29 05:32:01,422 [INFO] - Successfully analyzed item '確保公平性的過程'.
2026-09-29 05:32:01,486 [WARNING] - Embedding model text-embedding-004 failed: 404 models/text-embedding-004 is not found for API version v1beta, or is not supported for embedContent. Call ModelService.ListModels to see the list of available models and their supported methods.. Trying next model.
2026-09-29 05:32:01,597 [WARNING] - Embedding model models/embedding-001 failed: 404 models/embedding-001 is not found for API version v1beta, or is not supported for embedContent. Call ModelService.ListModels to see the list of available models and their supported methods.. Trying next model.
2026-09-29 05:32:01,597 [ERROR] - All embedding models failed. Last error: 404 models/embedding-001 is not found for API version v1beta, or is not supported for embedContent. Call ModelService.ListModels to see the list of available models and their supported methods.
2026-09-29 05:32:01,668 [WARNING] - Embedding model text-embedding-004 failed: 404 models/text-embedding-004 is not found for API version v1beta, or is not supported for embedContent. Call ModelService.ListModels to see the list of available models and their supported methods.. Trying next model.
2026-09-29 05:32:01,764 [WARNING] - Embedding model models/embedding-001 failed: 404 models/embedding-001 is not found for API version v1beta, or is not supported for embedContent. Call ModelService.ListModels to see the list of available models and their supported methods.. Trying next model.
2026-09-29 05:32:01,764 [ERROR] - All embedding models failed. Last error: 404 models/embedding-001 is not found for API version v1beta, or is not supported for embedContent. Call ModelService.ListModels to see the list of available models and their supported methods.
2026-09-29 05:32:01,859 [WARNING] - Embedding model text-embedding-004 failed: 404 models/text-embedding-004 is not found for API version v1beta, or is not supported for embedContent. Call ModelService.ListModels to see the list of available models and their supported methods.. Trying next model.
2026-09-29 05:32:01,937 [WARNING] - Embedding model models/embedding-001 failed: 404 models/embedding-001 is not found for API version v1beta, or is not supported for embedContent. Call ModelService.ListModels to see the list of available models and their supported methods.. Trying next model.
2026-09-29 05:32:01,938 [ERROR] - All embedding models failed. Last error: 404 models/embedding-001 is not found for API version v1beta, or is not supported for embedContent. Call ModelService.ListModels to see the list of available models and their supported methods.
2026-09-29 05:32:02,033 [WARNING] - Embedding model text-embedding-004 failed: 404 models/text-embedding-004 is not found for API version v1beta, or is not supported for embedContent. Call ModelService.ListModels to see the list of available models and their supported methods.. Trying next model.
2026-09-29 05:32:02,113 [WARNING] - Embedding model models/embedding-001 failed: 404 models/embedding-001 is not found for API version v1beta, or is not supported for embedContent. Call ModelService.ListModels to see the list of available models and their supported methods.. Trying next model.
2026-09-29 05:32:02,113 [ERROR] - All embedding models failed. Last error: 404 models/embedding-001 is not found for API version v1beta, or is not supported for embedContent. Call ModelService.ListModels to see the list of available models and their supported methods.
2026-09-29 05:32:02,194 [WARNING] - Embedding model text-embedding-004 failed: 404 models/text-embedding-004 is not found for API version v1beta, or is not supported for embedContent. Call ModelService.ListModels to see the list of available models and their supported methods.. Trying next model.
2026-09-29 05:32:02,249 [WARNING] - Embedding model models/embedding-001 failed: 404 models/embedding-001 is not found for API version v1beta, or is not supported for embedContent. Call ModelService.ListModels to see the list of available models and their supported methods.. Trying next model.
2026-09-29 05:32:02,249 [ERROR] - All embedding models failed. Last error: 404 models/embedding-001 is not found for API version v1beta, or is not supported for embedContent. Call ModelService.ListModels to see the list of available models and their supported methods.
2026-09-29 05:32:02,307 [WARNING] - Embedding model text-embedding-004 failed: 404 models/text-embedding-004 is not found for API version v1beta, or is not supported for embedContent. Call ModelService.ListModels to see the list of available models and their supported methods.. Trying next model.
2026-09-29 05:32:02,367 [WARNING] - Embedding model models/embedding-001 failed: 404 models/embedding-001 is not found for API version v1beta, or is not supported for embedContent. Call ModelService.ListModels to see the list of available models and their supported methods.. Trying next model.
2026-09-29 05:32:02,368 [ERROR] - All embedding models failed. Last error: 404 models/embedding-001 is not found for API version v1beta, or is not supported for embedContent. Call ModelService.ListModels to see the list of available models and their supported methods.
2026-09-29 05:32:02,429 [WARNING] - Embedding model text-embedding-004 failed: 404 models/text-embedding-004 is not found for API version v1beta, or is not supported for embedContent. Call ModelService.ListModels to see the list of available models and their supported methods.. Trying next model.
2026-09-29 05:32:02,488 [WARNING] - Embedding model models/embedding-001 failed: 404 models/embedding-001 is not found for API version v1beta, or is not supported for embedContent. Call ModelService.ListModels to see the list of available models and their supported methods.. Trying next model.
2026-09-29 05:32:02,488 [ERROR] - All embedding models failed. Last error: 404 models/embedding-001 is not found for API version v1beta, or is not supported for embedContent. Call ModelService.ListModels to see the list of available models and their supported methods.
2026-09-29 05:32:09,454 [INFO] - Successfully analyzed item '量化表現指標'.
2026-09-29 05:32:13,892 [INFO] - Successfully analyzed item '外部驗證過程'.
2026-09-29 05:32:19,377 [INFO] - Successfully analyzed item '可解釋性分析'.
2026-09-29 05:32:20,355 [INFO] - Successfully analyzed item '更新與持續驗證計畫'.
2026-09-29 05:32:25,826 [INFO] - Successfully analyzed item '持續維護與監控'.
2026-09-29 05:32:30,984 [INFO] - Successfully analyzed item 'AI生命週期管理'.
2026-09-29 05:32:31,271 [INFO] - Successfully fetched existing analysis history.
2026-09-29 05:32:32,218 [INFO] - Successfully saved analysis history to GitHub.
